2025-12-11 02:14:55,954 - INFO - ==================================================
2025-12-11 02:14:55,954 - INFO - CRON JOB: Send Messages Started
2025-12-11 02:14:55,954 - INFO - ==================================================
2025-12-11 02:14:55,961 - INFO - Connecting to 91.108.56.174:443/TcpFull...
2025-12-11 02:14:56,061 - INFO - Connection to 91.108.56.174:443/TcpFull complete!
2025-12-11 02:14:56,913 - INFO - Connected as: Data
2025-12-11 02:14:56,913 - INFO - Sending to 23 targets...
2025-12-11 02:14:57,223 - WARNING - No permission: Fresher Jobs & Internships (83K)
2025-12-11 02:15:42,615 - INFO - ✓ Sent to: Full Stack Web React Dev (5.7K)
2025-12-11 02:16:34,965 - INFO - ✓ Sent to: Java Support/Jobs (4.7K)
2025-12-11 02:17:26,223 - WARNING - No permission: IT/Pharma fresher jobs (4.3K)
2025-12-11 02:18:13,472 - ERROR - Error Front-End Developer Jobs (3.9K): The channel specified is private and you lack perm
2025-12-11 02:19:04,810 - INFO - ✓ Sent to: Job support UK USA CANADA
2025-12-11 02:19:25,197 - INFO - Got difference for channel 1634881166 updates
2025-12-11 02:19:52,110 - INFO - ✓ Sent to: Salesforce Proxy Interviews
2025-12-11 02:20:43,130 - INFO - ✓ Sent to: Training Proxy Job support
2025-12-11 02:21:28,485 - INFO - ✓ Sent to: Interview Proxy Discussion
2025-12-11 02:22:13,963 - INFO - ✓ Sent to: Interview proxy USA Canada
2025-12-11 02:23:06,618 - INFO - ✓ Sent to: Data scientist proxy
2025-12-11 02:23:34,760 - INFO - Got difference for channel 1634881166 updates
2025-12-11 02:24:00,006 - INFO - ✓ Sent to: USA Proxy support
2025-12-11 02:24:46,390 - INFO - ✓ Sent to: Proxy Job Interview Support
2025-12-11 02:24:47,023 - INFO - Got difference for channel 1955015115 updates
2025-12-11 02:25:38,765 - INFO - ✓ Sent to: Google data Engineer
2025-12-11 02:26:29,275 - INFO - ✓ Sent to: Work support java python
2025-12-11 02:27:17,613 - INFO - ✓ Sent to: PROXY JOB SUPPORTS
2025-12-11 02:27:30,177 - INFO - Got difference for channel 1634881166 updates
2025-12-11 02:28:08,986 - INFO - ✓ Sent to: ETL testing Support
2025-12-11 02:28:58,469 - INFO - Got difference for channel 1634881166 updates
2025-12-11 02:28:59,457 - INFO - ✓ Sent to: Freelance job proxy support
2025-12-11 02:29:46,579 - ERROR - Error BikusRE Group: Could not find the input entity for PeerUser(user_
2025-12-11 02:29:47,205 - INFO - Got difference for channel 1634881166 updates
2025-12-11 02:30:40,718 - ERROR - Error nigel carter: Could not find the input entity for PeerUser(user_
2025-12-11 02:30:49,083 - INFO - Got difference for channel 1955015115 updates
2025-12-11 02:31:15,767 - INFO - Got difference for channel 1955015115 updates
2025-12-11 02:31:21,147 - INFO - Got difference for channel 1634881166 updates
2025-12-11 02:31:29,100 - INFO - ✓ Sent to: Web Developers Group (21669)
2025-12-11 02:32:14,672 - INFO - ✓ Sent to: DevOps Jobs - работа и аналитика (18706)
2025-12-11 02:33:02,922 - WARNING - No permission: DataPro: Data | Cloud | Jobs | Free (18178)
2025-12-11 02:33:02,925 - INFO - Completed: 17/23 successful, 6 failed
2025-12-11 02:33:02,926 - INFO - Disconnecting from 91.108.56.174:443/TcpFull...
2025-12-11 02:33:02,928 - INFO - Disconnection from 91.108.56.174:443/TcpFull complete!
2025-12-11 02:33:02,934 - INFO - Disconnected
