2026-03-20 13:28:52,556 - INFO - 
2026-03-20 13:28:52,558 - INFO - ============================================================
2026-03-20 13:28:52,559 - INFO -   TELEGRAM WATCHDOG — Daily Health Check
2026-03-20 13:28:52,559 - INFO -   2026-03-20 13:28:52
2026-03-20 13:28:52,559 - INFO - ============================================================
2026-03-20 13:28:52,560 - INFO - 
[1/4] Checking for stale SQLite session journals...
2026-03-20 13:28:52,561 - INFO -   → No stale journals found. ✓
2026-03-20 13:28:52,561 - INFO - 
[2/4] Checking for permanently failing targets...
2026-03-20 13:28:52,562 - INFO -   → Targets OK: 28/28 enabled. ✓
2026-03-20 13:28:52,562 - INFO - 
[3/4] Checking log freshness...
2026-03-20 13:28:52,571 - WARNING -   → send: STALE — last activity 2386.9h ago (limit: 2h)
2026-03-20 13:28:52,571 - WARNING -   → growth: STALE — last activity 2386.5h ago (limit: 8h)
2026-03-20 13:28:52,572 - WARNING -   → master: STALE — last activity 2387.2h ago (limit: 8h)
2026-03-20 13:28:52,572 - INFO - 
[4/4] Checking launchd services...
2026-03-20 13:28:52,574 - INFO -   → com.techyera.telegram.send: ❌ NOT LOADED
2026-03-20 13:28:52,575 - INFO -   → com.techyera.telegram.growth: ❌ NOT LOADED
2026-03-20 13:28:52,575 - INFO -   → Attempting to install/reload com.techyera.telegram.send...
2026-03-20 13:28:52,580 - INFO - Copied com.techyera.telegram.send.plist → /sessions/elegant-laughing-mccarthy/Library/LaunchAgents/com.techyera.telegram.send.plist
2026-03-20 13:28:52,581 - ERROR - Failed to load com.techyera.telegram.send: [Errno 2] No such file or directory: 'launchctl'
2026-03-20 13:28:52,581 - INFO -   → Attempting to install/reload com.techyera.telegram.growth...
2026-03-20 13:28:52,582 - INFO - Copied com.techyera.telegram.growth.plist → /sessions/elegant-laughing-mccarthy/Library/LaunchAgents/com.techyera.telegram.growth.plist
2026-03-20 13:28:52,583 - ERROR - Failed to load com.techyera.telegram.growth: [Errno 2] No such file or directory: 'launchctl'
2026-03-20 13:28:52,583 - INFO - 
2026-03-20 13:28:52,584 - INFO - ============================================================
2026-03-20 13:28:52,584 - INFO -   WATCHDOG SUMMARY
2026-03-20 13:28:52,584 - INFO - ============================================================
2026-03-20 13:28:52,584 - INFO -   ⚠️  Issues detected (7):
2026-03-20 13:28:52,584 - INFO -        • → send: STALE — last activity 2386.9h ago (limit: 2h)
2026-03-20 13:28:52,584 - INFO -        • → growth: STALE — last activity 2386.5h ago (limit: 8h)
2026-03-20 13:28:52,585 - INFO -        • → master: STALE — last activity 2387.2h ago (limit: 8h)
2026-03-20 13:28:52,585 - INFO -        • com.techyera.telegram.send is not running or logs are stale
2026-03-20 13:28:52,585 - INFO -        • Could not reload com.techyera.telegram.send — check plist path
2026-03-20 13:28:52,585 - INFO -        • com.techyera.telegram.growth is not running or logs are stale
2026-03-20 13:28:52,585 - INFO -        • Could not reload com.techyera.telegram.growth — check plist path
2026-03-20 13:28:52,586 - INFO - 
2026-03-20 13:28:52,586 - INFO -   Enabled targets: 28/28
2026-03-20 13:28:52,586 - INFO - ============================================================
2026-03-20 13:28:52,587 - INFO -   Watchdog run complete.
2026-03-20 13:28:52,587 - INFO - ============================================================
2026-03-21 09:06:22,998 - INFO - 
2026-03-21 09:06:22,998 - INFO - ============================================================
2026-03-21 09:06:22,999 - INFO -   TELEGRAM WATCHDOG — Daily Health Check
2026-03-21 09:06:22,999 - INFO -   2026-03-21 09:06:22
2026-03-21 09:06:23,000 - INFO - ============================================================
2026-03-21 09:06:23,000 - INFO - 
[1/4] Checking for stale SQLite session journals...
2026-03-21 09:06:23,001 - INFO -   → No stale journals found. ✓
2026-03-21 09:06:23,001 - INFO - 
[2/4] Checking for permanently failing targets...
2026-03-21 09:06:23,002 - INFO -   → Targets OK: 28/28 enabled. ✓
2026-03-21 09:06:23,002 - INFO - 
[3/4] Checking log freshness...
2026-03-21 09:06:23,009 - WARNING -   → send: STALE — last activity 2406.6h ago (limit: 2h)
2026-03-21 09:06:23,009 - WARNING -   → growth: STALE — last activity 2406.1h ago (limit: 8h)
2026-03-21 09:06:23,009 - WARNING -   → master: STALE — last activity 2406.9h ago (limit: 8h)
2026-03-21 09:06:23,009 - INFO - 
[4/4] Checking launchd services...
2026-03-21 09:06:23,010 - INFO -   → com.techyera.telegram.send: ❌ NOT LOADED
2026-03-21 09:06:23,010 - INFO -   → com.techyera.telegram.growth: ❌ NOT LOADED
2026-03-21 09:06:23,010 - INFO -   → Attempting to install/reload com.techyera.telegram.send...
2026-03-21 09:06:23,013 - INFO - Copied com.techyera.telegram.send.plist → /sessions/inspiring-laughing-shannon/Library/LaunchAgents/com.techyera.telegram.send.plist
2026-03-21 09:06:23,014 - ERROR - Failed to load com.techyera.telegram.send: [Errno 2] No such file or directory: 'launchctl'
2026-03-21 09:06:23,014 - INFO -   → Attempting to install/reload com.techyera.telegram.growth...
2026-03-21 09:06:23,015 - INFO - Copied com.techyera.telegram.growth.plist → /sessions/inspiring-laughing-shannon/Library/LaunchAgents/com.techyera.telegram.growth.plist
2026-03-21 09:06:23,016 - ERROR - Failed to load com.techyera.telegram.growth: [Errno 2] No such file or directory: 'launchctl'
2026-03-21 09:06:23,016 - INFO - 
2026-03-21 09:06:23,017 - INFO - ============================================================
2026-03-21 09:06:23,017 - INFO -   WATCHDOG SUMMARY
2026-03-21 09:06:23,017 - INFO - ============================================================
2026-03-21 09:06:23,017 - INFO -   ⚠️  Issues detected (7):
2026-03-21 09:06:23,017 - INFO -        • → send: STALE — last activity 2406.6h ago (limit: 2h)
2026-03-21 09:06:23,017 - INFO -        • → growth: STALE — last activity 2406.1h ago (limit: 8h)
2026-03-21 09:06:23,017 - INFO -        • → master: STALE — last activity 2406.9h ago (limit: 8h)
2026-03-21 09:06:23,017 - INFO -        • com.techyera.telegram.send is not running or logs are stale
2026-03-21 09:06:23,018 - INFO -        • Could not reload com.techyera.telegram.send — check plist path
2026-03-21 09:06:23,018 - INFO -        • com.techyera.telegram.growth is not running or logs are stale
2026-03-21 09:06:23,018 - INFO -        • Could not reload com.techyera.telegram.growth — check plist path
2026-03-21 09:06:23,018 - INFO - 
2026-03-21 09:06:23,018 - INFO -   Enabled targets: 28/28
2026-03-21 09:06:23,018 - INFO - ============================================================
2026-03-21 09:06:23,018 - INFO -   Watchdog run complete.
2026-03-21 09:06:23,019 - INFO - ============================================================
2026-03-25 09:05:13,362 - INFO - 
2026-03-25 09:05:13,363 - INFO - ============================================================
2026-03-25 09:05:13,363 - INFO -   TELEGRAM WATCHDOG — Daily Health Check
2026-03-25 09:05:13,363 - INFO -   2026-03-25 09:05:13
2026-03-25 09:05:13,364 - INFO - ============================================================
2026-03-25 09:05:13,364 - INFO - 
[1/4] Checking for stale SQLite session journals...
2026-03-25 09:05:13,364 - INFO -   → No stale journals found. ✓
2026-03-25 09:05:13,365 - INFO - 
[2/4] Checking for permanently failing targets...
2026-03-25 09:05:13,366 - INFO -   → Targets OK: 28/28 enabled. ✓
2026-03-25 09:05:13,366 - INFO - 
[3/4] Checking log freshness...
2026-03-25 09:05:13,372 - WARNING -   → send: STALE — last activity 2502.5h ago (limit: 2h)
2026-03-25 09:05:13,372 - WARNING -   → growth: STALE — last activity 2502.1h ago (limit: 8h)
2026-03-25 09:05:13,373 - WARNING -   → master: STALE — last activity 2502.8h ago (limit: 8h)
2026-03-25 09:05:13,373 - INFO - 
[4/4] Checking launchd services...
2026-03-25 09:05:13,374 - INFO -   → com.techyera.telegram.send: ❌ NOT LOADED
2026-03-25 09:05:13,374 - INFO -   → com.techyera.telegram.growth: ❌ NOT LOADED
2026-03-25 09:05:13,374 - INFO -   → Attempting to install/reload com.techyera.telegram.send...
2026-03-25 09:05:13,378 - INFO - Copied com.techyera.telegram.send.plist → /sessions/admiring-relaxed-babbage/Library/LaunchAgents/com.techyera.telegram.send.plist
2026-03-25 09:05:13,379 - ERROR - Failed to load com.techyera.telegram.send: [Errno 2] No such file or directory: 'launchctl'
2026-03-25 09:05:13,379 - INFO -   → Attempting to install/reload com.techyera.telegram.growth...
2026-03-25 09:05:13,380 - INFO - Copied com.techyera.telegram.growth.plist → /sessions/admiring-relaxed-babbage/Library/LaunchAgents/com.techyera.telegram.growth.plist
2026-03-25 09:05:13,381 - ERROR - Failed to load com.techyera.telegram.growth: [Errno 2] No such file or directory: 'launchctl'
2026-03-25 09:05:13,381 - INFO - 
2026-03-25 09:05:13,381 - INFO - ============================================================
2026-03-25 09:05:13,381 - INFO -   WATCHDOG SUMMARY
2026-03-25 09:05:13,382 - INFO - ============================================================
2026-03-25 09:05:13,382 - INFO -   ⚠️  Issues detected (7):
2026-03-25 09:05:13,382 - INFO -        • → send: STALE — last activity 2502.5h ago (limit: 2h)
2026-03-25 09:05:13,382 - INFO -        • → growth: STALE — last activity 2502.1h ago (limit: 8h)
2026-03-25 09:05:13,382 - INFO -        • → master: STALE — last activity 2502.8h ago (limit: 8h)
2026-03-25 09:05:13,382 - INFO -        • com.techyera.telegram.send is not running or logs are stale
2026-03-25 09:05:13,383 - INFO -        • Could not reload com.techyera.telegram.send — check plist path
2026-03-25 09:05:13,383 - INFO -        • com.techyera.telegram.growth is not running or logs are stale
2026-03-25 09:05:13,383 - INFO -        • Could not reload com.techyera.telegram.growth — check plist path
2026-03-25 09:05:13,383 - INFO - 
2026-03-25 09:05:13,383 - INFO -   Enabled targets: 28/28
2026-03-25 09:05:13,384 - INFO - ============================================================
2026-03-25 09:05:13,384 - INFO -   Watchdog run complete.
2026-03-25 09:05:13,384 - INFO - ============================================================
2026-03-28 09:05:37,405 - INFO - 
2026-03-28 09:05:37,406 - INFO - ============================================================
2026-03-28 09:05:37,406 - INFO -   TELEGRAM WATCHDOG — Daily Health Check
2026-03-28 09:05:37,406 - INFO -   2026-03-28 09:05:37
2026-03-28 09:05:37,406 - INFO - ============================================================
2026-03-28 09:05:37,407 - INFO - 
[1/4] Checking for stale SQLite session journals...
2026-03-28 09:05:37,407 - INFO -   → No stale journals found. ✓
2026-03-28 09:05:37,407 - INFO - 
[2/4] Checking for permanently failing targets...
2026-03-28 09:05:37,408 - INFO -   → Targets OK: 28/28 enabled. ✓
2026-03-28 09:05:37,409 - INFO - 
[3/4] Checking log freshness...
2026-03-28 09:05:37,414 - WARNING -   → send: STALE — last activity 2574.5h ago (limit: 2h)
2026-03-28 09:05:37,415 - WARNING -   → growth: STALE — last activity 2574.1h ago (limit: 8h)
2026-03-28 09:05:37,415 - WARNING -   → master: STALE — last activity 2574.9h ago (limit: 8h)
2026-03-28 09:05:37,415 - INFO - 
[4/4] Checking launchd services...
2026-03-28 09:05:37,417 - INFO -   → com.techyera.telegram.send: ❌ NOT LOADED
2026-03-28 09:05:37,417 - INFO -   → com.techyera.telegram.growth: ❌ NOT LOADED
2026-03-28 09:05:37,417 - INFO -   → Attempting to install/reload com.techyera.telegram.send...
2026-03-28 09:05:37,421 - INFO - Copied com.techyera.telegram.send.plist → /sessions/pensive-kind-davinci/Library/LaunchAgents/com.techyera.telegram.send.plist
2026-03-28 09:05:37,422 - ERROR - Failed to load com.techyera.telegram.send: [Errno 2] No such file or directory: 'launchctl'
2026-03-28 09:05:37,422 - INFO -   → Attempting to install/reload com.techyera.telegram.growth...
2026-03-28 09:05:37,423 - INFO - Copied com.techyera.telegram.growth.plist → /sessions/pensive-kind-davinci/Library/LaunchAgents/com.techyera.telegram.growth.plist
2026-03-28 09:05:37,424 - ERROR - Failed to load com.techyera.telegram.growth: [Errno 2] No such file or directory: 'launchctl'
2026-03-28 09:05:37,424 - INFO - 
2026-03-28 09:05:37,424 - INFO - ============================================================
2026-03-28 09:05:37,424 - INFO -   WATCHDOG SUMMARY
2026-03-28 09:05:37,425 - INFO - ============================================================
2026-03-28 09:05:37,425 - INFO -   ⚠️  Issues detected (7):
2026-03-28 09:05:37,425 - INFO -        • → send: STALE — last activity 2574.5h ago (limit: 2h)
2026-03-28 09:05:37,425 - INFO -        • → growth: STALE — last activity 2574.1h ago (limit: 8h)
2026-03-28 09:05:37,425 - INFO -        • → master: STALE — last activity 2574.9h ago (limit: 8h)
2026-03-28 09:05:37,426 - INFO -        • com.techyera.telegram.send is not running or logs are stale
2026-03-28 09:05:37,426 - INFO -        • Could not reload com.techyera.telegram.send — check plist path
2026-03-28 09:05:37,426 - INFO -        • com.techyera.telegram.growth is not running or logs are stale
2026-03-28 09:05:37,426 - INFO -        • Could not reload com.techyera.telegram.growth — check plist path
2026-03-28 09:05:37,426 - INFO - 
2026-03-28 09:05:37,427 - INFO -   Enabled targets: 28/28
2026-03-28 09:05:37,427 - INFO - ============================================================
2026-03-28 09:05:37,427 - INFO -   Watchdog run complete.
2026-03-28 09:05:37,427 - INFO - ============================================================
2026-03-30 09:05:58,834 - INFO - 
2026-03-30 09:05:58,835 - INFO - ============================================================
2026-03-30 09:05:58,835 - INFO -   TELEGRAM WATCHDOG — Daily Health Check
2026-03-30 09:05:58,835 - INFO -   2026-03-30 09:05:58
2026-03-30 09:05:58,835 - INFO - ============================================================
2026-03-30 09:05:58,836 - INFO - 
[1/4] Checking for stale SQLite session journals...
2026-03-30 09:05:58,836 - INFO -   → No stale journals found. ✓
2026-03-30 09:05:58,837 - INFO - 
[2/4] Checking for permanently failing targets...
2026-03-30 09:05:58,838 - INFO -   → Targets OK: 28/28 enabled. ✓
2026-03-30 09:05:58,839 - INFO - 
[3/4] Checking log freshness...
2026-03-30 09:05:58,844 - WARNING -   → send: STALE — last activity 2622.5h ago (limit: 2h)
2026-03-30 09:05:58,844 - WARNING -   → growth: STALE — last activity 2622.1h ago (limit: 8h)
2026-03-30 09:05:58,844 - WARNING -   → master: STALE — last activity 2622.9h ago (limit: 8h)
2026-03-30 09:05:58,845 - INFO - 
[4/4] Checking launchd services...
2026-03-30 09:05:58,846 - INFO -   → com.techyera.telegram.send: ❌ NOT LOADED
2026-03-30 09:05:58,846 - INFO -   → com.techyera.telegram.growth: ❌ NOT LOADED
2026-03-30 09:05:58,846 - INFO -   → Attempting to install/reload com.techyera.telegram.send...
2026-03-30 09:05:58,849 - INFO - Copied com.techyera.telegram.send.plist → /sessions/dazzling-gifted-carson/Library/LaunchAgents/com.techyera.telegram.send.plist
2026-03-30 09:05:58,850 - ERROR - Failed to load com.techyera.telegram.send: [Errno 2] No such file or directory: 'launchctl'
2026-03-30 09:05:58,850 - INFO -   → Attempting to install/reload com.techyera.telegram.growth...
2026-03-30 09:05:58,851 - INFO - Copied com.techyera.telegram.growth.plist → /sessions/dazzling-gifted-carson/Library/LaunchAgents/com.techyera.telegram.growth.plist
2026-03-30 09:05:58,852 - ERROR - Failed to load com.techyera.telegram.growth: [Errno 2] No such file or directory: 'launchctl'
2026-03-30 09:05:58,852 - INFO - 
2026-03-30 09:05:58,852 - INFO - ============================================================
2026-03-30 09:05:58,853 - INFO -   WATCHDOG SUMMARY
2026-03-30 09:05:58,853 - INFO - ============================================================
2026-03-30 09:05:58,853 - INFO -   ⚠️  Issues detected (7):
2026-03-30 09:05:58,853 - INFO -        • → send: STALE — last activity 2622.5h ago (limit: 2h)
2026-03-30 09:05:58,853 - INFO -        • → growth: STALE — last activity 2622.1h ago (limit: 8h)
2026-03-30 09:05:58,854 - INFO -        • → master: STALE — last activity 2622.9h ago (limit: 8h)
2026-03-30 09:05:58,854 - INFO -        • com.techyera.telegram.send is not running or logs are stale
2026-03-30 09:05:58,854 - INFO -        • Could not reload com.techyera.telegram.send — check plist path
2026-03-30 09:05:58,854 - INFO -        • com.techyera.telegram.growth is not running or logs are stale
2026-03-30 09:05:58,854 - INFO -        • Could not reload com.techyera.telegram.growth — check plist path
2026-03-30 09:05:58,855 - INFO - 
2026-03-30 09:05:58,855 - INFO -   Enabled targets: 28/28
2026-03-30 09:05:58,855 - INFO - ============================================================
2026-03-30 09:05:58,856 - INFO -   Watchdog run complete.
2026-03-30 09:05:58,856 - INFO - ============================================================
